/blastem/240pSuite/Boot: OK
/blastem/240pSuite/Options: OK
/blastem/240pSuite/150/FastForward: OK
/blastem/240pSuite/150/Run: OK
/blastem/240pSuite/150/Video: OK
