/bsnes_mercury_balanced/240pSuite/Boot: OK
/bsnes_mercury_balanced/240pSuite/Options: OK
/bsnes_mercury_balanced/240pSuite/120/FastForward: OK
/bsnes_mercury_balanced/240pSuite/120/Run: OK
/bsnes_mercury_balanced/240pSuite/120/Video: OK
