/desmume2015/pong-ds/Boot: OK
/desmume2015/pong-ds/Options: OK
/desmume2015/pong-ds/2/FastForward: OK
/desmume2015/pong-ds/2/Run: OK
/desmume2015/pong-ds/2/Video: OK
