/gambatte/OpenMAZE/Boot: OK
/gambatte/OpenMAZE/Options: OK
/gambatte/OpenMAZE/0/FastForward: OK
/gambatte/OpenMAZE/0/Run: OK
