/mednafen_pce_fast/240pSuite/Boot: OK
/mednafen_pce_fast/240pSuite/120/FastForward: OK
/mednafen_pce_fast/240pSuite/120/Run: OK
/mednafen_pce_fast/240pSuite/120/Video: OK
