/mgba/nomad2_full/Boot: OK
/mgba/nomad2_full/120/FastForward: OK
/mgba/nomad2_full/120/Run: OK
/mgba/nomad2_full/120/Video: OK
