/nestopia/240pSuite/Boot: OK
/nestopia/240pSuite/Options: OK
/nestopia/240pSuite/120/FastForward: OK
/nestopia/240pSuite/120/Run: OK
/nestopia/240pSuite/120/Video: OK
