/pcsx_rearmed/240pTestSuitePS1/Boot: OK
/pcsx_rearmed/240pTestSuitePS1/Options: OK
/pcsx_rearmed/240pTestSuitePS1/8/FastForward: OK
/pcsx_rearmed/240pTestSuitePS1/8/Run: OK
/pcsx_rearmed/240pTestSuitePS1/8/Video: OK
