/stella/hunchy/Boot: OK
/stella/hunchy/1/FastForward: OK
/stella/hunchy/1/Run: OK
/stella/hunchy/1/Video: OK
