/stella2014/hunchy/Boot: OK
/stella2014/hunchy/Options: OK
/stella2014/hunchy/1/FastForward: OK
/stella2014/hunchy/1/Run: OK
/stella2014/hunchy/1/Video: OK
